map testmap4.txt loaded
Elf0 created
Human0 created
Dwarf0 created
update
Elf0 moves
Human0 moves
Dwarf0 moves
update
Elf0 moves
Elf0 crossroad
Human0 moves
Human0 crossroad
Dwarf0 moves
Dwarf0 crossroad
/-----------------\
|xx|xx|xx|xx|xx|xx|
|xx|xx|xx|xx|xx|xx|
|--+--+--+--+--+--|
|xx|xx|e |  |  |xx|
|xx|xx|  |  |  |xx|
|--+--+--+--+--+--|
|  |  |  |e |  |  |
|  |  |  |  |  |  |
|--+--+--+--+--+--|
|xx|xx|e |  |  |xx|
|xx|xx|  |  |  |xx|
|--+--+--+--+--+--|
|xx|xx|xx|xx|xx|xx|
|xx|xx|xx|xx|xx|xx|
\-----------------/
VEGE
